<?xml version="1.0" encoding="UTF-8" standalone="no"?><Scheme LastUpgradeVersion="0500" version="1.7"><BuildAction buildImplicitDependencies="NO" parallelizeBuildables="NO"><BuildActionEntries><BuildActionEntry buildForAnalyzing="YES" buildForArchiving="YES" buildForProfiling="YES" buildForRunning="YES" buildForTesting="YES"><BuildableReference BlueprintIdentifier="E66DC04E0020722200000000" BlueprintName="Dep1" BuildableIdentifier="primary" BuildableName="libDep1.a" ReferencedContainer="container:../Libraries/Dep1/Libraries.xcodeproj"/></BuildActionEntry><BuildActionEntry buildForAnalyzing="YES" buildForArchiving="YES" buildForProfiling="YES" buildForRunning="YES" buildForTesting="YES"><BuildableReference BlueprintIdentifier="E66DC04E0020722300000000" BlueprintName="Dep2" BuildableIdentifier="primary" BuildableName="libDep2.a" ReferencedContainer="container:../Libraries/Dep2/Libraries.xcodeproj"/></BuildActionEntry><BuildActionEntry buildForAnalyzing="YES" buildForArchiving="YES" buildForProfiling="YES" buildForRunning="YES" buildForTesting="YES"><BuildableReference BlueprintIdentifier="E66DC04E0E6F340F00000000" BlueprintName="TestApp" BuildableIdentifier="primary" BuildableName="TestApp.app" ReferencedContainer="container:TestApp.xcodeproj"/></BuildActionEntry><BuildActionEntry buildForAnalyzing="YES" buildForArchiving="NO" buildForProfiling="NO" buildForRunning="NO" buildForTesting="YES"><BuildableReference BlueprintIdentifier="E66DC04E0020722400000000" BlueprintName="Dep3" BuildableIdentifier="primary" BuildableName="libDep3.a" ReferencedContainer="container:../Libraries/Dep3/Libraries.xcodeproj"/></BuildActionEntry><BuildActionEntry buildForAnalyzing="YES" buildForArchiving="NO" buildForProfiling="NO" buildForRunning="NO" buildForTesting="YES"><BuildableReference BlueprintIdentifier="E66DC04E79595B5200000000" BlueprintName="TestAppTests" BuildableIdentifier="primary" BuildableName="TestAppTests.octest" ReferencedContainer="container:TestApp.xcodeproj"/></BuildActionEntry><BuildActionEntry buildForAnalyzing="YES" buildForArchiving="NO" buildForProfiling="NO" buildForRunning="NO" buildForTesting="YES"><BuildableReference BlueprintIdentifier="E66DC04EDB2AF11F00000000" BlueprintName="Dep1Tests" BuildableIdentifier="primary" BuildableName="Dep1Tests.octest" ReferencedContainer="container:../Libraries/Dep1/Libraries.xcodeproj"/></BuildActionEntry><BuildActionEntry buildForAnalyzing="YES" buildForArchiving="NO" buildForProfiling="NO" buildForRunning="NO" buildForTesting="YES"><BuildableReference BlueprintIdentifier="E66DC04EDCDFC9BE00000000" BlueprintName="Dep2Tests" BuildableIdentifier="primary" BuildableName="Dep2Tests.octest" ReferencedContainer="container:../Libraries/Dep2/Libraries.xcodeproj"/></BuildActionEntry></BuildActionEntries></BuildAction><TestAction buildConfiguration="Debug" shouldUseLaunchSchemeArgsEnv="YES"><Testables><TestableReference skipped="NO"><BuildableReference BlueprintIdentifier="E66DC04E79595B5200000000" BlueprintName="TestAppTests" BuildableIdentifier="primary" BuildableName="TestAppTests.octest" ReferencedContainer="container:TestApp.xcodeproj"/></TestableReference><TestableReference skipped="NO"><BuildableReference BlueprintIdentifier="E66DC04EDB2AF11F00000000" BlueprintName="Dep1Tests" BuildableIdentifier="primary" BuildableName="Dep1Tests.octest" ReferencedContainer="container:../Libraries/Dep1/Libraries.xcodeproj"/></TestableReference><TestableReference skipped="NO"><BuildableReference BlueprintIdentifier="E66DC04EDCDFC9BE00000000" BlueprintName="Dep2Tests" BuildableIdentifier="primary" BuildableName="Dep2Tests.octest" ReferencedContainer="container:../Libraries/Dep2/Libraries.xcodeproj"/></TestableReference></Testables></TestAction><LaunchAction buildConfiguration="Debug"><BuildableProductRunnable><BuildableReference BlueprintIdentifier="E66DC04E0E6F340F00000000" BlueprintName="TestApp" BuildableIdentifier="primary" BuildableName="TestApp.app" ReferencedContainer="container:TestApp.xcodeproj"/></BuildableProductRunnable></LaunchAction><ProfileAction buildConfiguration="Release"><BuildableProductRunnable><BuildableReference BlueprintIdentifier="E66DC04E0E6F340F00000000" BlueprintName="TestApp" BuildableIdentifier="primary" BuildableName="TestApp.app" ReferencedContainer="container:TestApp.xcodeproj"/></BuildableProductRunnable></ProfileAction><AnalyzeAction buildConfiguration="Debug"/><ArchiveAction buildConfiguration="Release" revealArchiveInOrganizer="YES"/></Scheme>